%Warning-TIMESCALEMOD: src/ahb_mem.sv:5:8: Timescale missing on this module as other modules have it (IEEE 1800-2023 3.14.2.3)
    5 | module ahb_mem #(parameter bit INSTRUCTION=0)(
      |        ^~~~~~~
                       sim/tb_ahb.sv:2:8: ... Location of module with timescale
    2 | module tb_ahb;
      |        ^~~~~~
                       ... For warning description see https://verilator.org/warn/TIMESCALEMOD?v=0.000
                       ... Use "/* verilator lint_off TIMESCALEMOD */" and lint_on around source to disable this message.
make: Entering directory '/workspace/scratch/1aa11c9270f0/veer-el2-ihp-fullchip/build/ahb'
c++ -Os --std=c++20 -DVL_TIME_CONTEXT -I.  -MMD -I/root/.local/lib/python3.12/site-packages/verilator/include -I/root/.local/lib/python3.12/site-packages/verilator/include/vltstd -DVERILATOR=1 -DVM_COVERAGE=0 -DVM_SC=0 -DVM_TIMING=1 -DVM_TRACE=0 -DVM_TRACE_FST=0 -DVM_TRACE_VCD=0 -DVM_TRACE_SAIF=0     -DVL_TIME_CONTEXT    -c -o verilated.o /root/.local/lib/python3.12/site-packages/verilator/include/verilated.cpp
c++ -Os --std=c++20 -DVL_TIME_CONTEXT -I.  -MMD -I/root/.local/lib/python3.12/site-packages/verilator/include -I/root/.local/lib/python3.12/site-packages/verilator/include/vltstd -DVERILATOR=1 -DVM_COVERAGE=0 -DVM_SC=0 -DVM_TIMING=1 -DVM_TRACE=0 -DVM_TRACE_FST=0 -DVM_TRACE_VCD=0 -DVM_TRACE_SAIF=0     -DVL_TIME_CONTEXT    -c -o verilated_timing.o /root/.local/lib/python3.12/site-packages/verilator/include/verilated_timing.cpp
c++ -Os --std=c++20 -DVL_TIME_CONTEXT -I.  -MMD -I/root/.local/lib/python3.12/site-packages/verilator/include -I/root/.local/lib/python3.12/site-packages/verilator/include/vltstd -DVERILATOR=1 -DVM_COVERAGE=0 -DVM_SC=0 -DVM_TIMING=1 -DVM_TRACE=0 -DVM_TRACE_FST=0 -DVM_TRACE_VCD=0 -DVM_TRACE_SAIF=0     -DVL_TIME_CONTEXT    -c -o verilated_threads.o /root/.local/lib/python3.12/site-packages/verilator/include/verilated_threads.cpp
python /root/.local/lib/python3.12/site-packages/verilator/bin/verilator_includer -DVL_INCLUDE_OPT=include Vtb_ahb.cpp Vtb_ahb___024root__0.cpp Vtb_ahb__main.cpp Vtb_ahb___024root__Slow.cpp Vtb_ahb___024root__0__Slow.cpp Vtb_ahb__Syms__Slow.cpp > Vtb_ahb__ALL.cpp
c++ -Os --std=c++20 -DVL_TIME_CONTEXT -I.  -MMD -I/root/.local/lib/python3.12/site-packages/verilator/include -I/root/.local/lib/python3.12/site-packages/verilator/include/vltstd -DVERILATOR=1 -DVM_COVERAGE=0 -DVM_SC=0 -DVM_TIMING=1 -DVM_TRACE=0 -DVM_TRACE_FST=0 -DVM_TRACE_VCD=0 -DVM_TRACE_SAIF=0     -DVL_TIME_CONTEXT    -c -o Vtb_ahb__ALL.o Vtb_ahb__ALL.cpp
c++    verilated.o verilated_timing.o verilated_threads.o Vtb_ahb__ALL.a       -o Vtb_ahb
rm Vtb_ahb__ALL.verilator_deplist.tmp
make: Leaving directory '/workspace/scratch/1aa11c9270f0/veer-el2-ihp-fullchip/build/ahb'
- V e r i l a t i o n   R e p o r t:  rev vUNKNOWN-built20260516-4e853d8
- Verilator: Built from 0.054 MB sources in 3 modules, into 0.140 MB in 6 C++ files needing 0.001 MB
- Verilator: Walltime 4.247 s (elab=0.001, cvt=0.010, bld=4.230); cpu 0.019 s on 2 threads; allocated 217.430 MB
