veer: Using target "default_ahb"
veer: Set(s) requested : iccm_enable=0 dccm_enable=0 icache_enable=0
veer: Overriding dccm_enable value 1 with 0
veer: Overriding icache_enable value 1 with 0
veer: Overriding iccm_enable value 1 with 0
veer: Disabling fast_interrupt_redirect because DCCM not enabled

VeeR configuration for target=default_ahb

veer: bht_addr_hi                    = 9
veer: bht_addr_lo                    = 2
veer: bht_array_depth                = 256
veer: bht_ghr_hash_1                 = 
veer: bht_ghr_range                  = 7:0
veer: bht_ghr_size                   = 8
veer: bht_hash_string                = {hashin[8+1:2]^ghr[8-1:0]}// cf2
veer: bht_size                       = 512
veer: btb_addr_hi                    = 9
veer: btb_addr_lo                    = 2
veer: btb_array_depth                = 256
veer: btb_btag_fold                  = 0
veer: btb_btag_size                  = 5
veer: btb_enable                     = 1
veer: btb_fold2_index_hash           = 0
veer: btb_fullya                     = 0
veer: btb_index1_hi                  = 9
veer: btb_index1_lo                  = 2
veer: btb_index2_hi                  = 17
veer: btb_index2_lo                  = 10
veer: btb_index3_hi                  = 25
veer: btb_index3_lo                  = 18
veer: btb_size                       = 512
veer: btb_toffset_size               = 12
veer: bus_prty_default               = 3
veer: dma_bus_id                     = 1
veer: dma_bus_prty                   = 2
veer: dma_bus_tag                    = 1
veer: ifu_bus_id                     = 1
veer: ifu_bus_prty                   = 2
veer: ifu_bus_tag                    = 3
veer: lsu_bus_id                     = 1
veer: lsu_bus_prty                   = 2
veer: lsu_bus_tag                    = 3
veer: sb_bus_id                      = 1
veer: sb_bus_prty                    = 2
veer: sb_bus_tag                     = 1
veer: bitmanip_zba                   = 1
veer: bitmanip_zbb                   = 1
veer: bitmanip_zbc                   = 1
veer: bitmanip_zbe                   = 0
veer: bitmanip_zbf                   = 0
veer: bitmanip_zbp                   = 0
veer: bitmanip_zbr                   = 0
veer: bitmanip_zbs                   = 1
veer: div_bit                        = 4
veer: div_new                        = 1
veer: dma_buf_depth                  = 5
veer: fast_interrupt_redirect        = 0
veer: fpga_optimize                  = 1
veer: load_to_use_plus1              = 0
veer: lsu2dma                        = 0
veer: lsu_num_nbload                 = 4
veer: lsu_num_nbload_width           = 2
veer: lsu_stbuf_depth                = 4
veer: no_iccm_no_icache              = 1
veer: opensource                     = 0
veer: timer_legal_en                 = 1
veer: user_mode                      = 0
veer: verilator                      = 
veer: dccm_addr_xor                  = 0
veer: dccm_bank_bits                 = 2
veer: dccm_bits                      = 16
veer: dccm_byte_width                = 4
veer: dccm_data_cell                 = ram_4096x39
veer: dccm_data_width                = 32
veer: dccm_eadr                      = 0xf004ffff
veer: dccm_ecc_width                 = 7
veer: dccm_enable                    = 0
veer: dccm_fdata_width               = 39
veer: dccm_index_bits                = 12
veer: dccm_num_banks                 = 4
veer: dccm_num_banks_4               = 
veer: dccm_offset                    = 0x40000
veer: dccm_region                    = 0xf
veer: dccm_reserved                  = 0x1400
veer: dccm_rows                      = 4096
veer: dccm_sadr                      = 0xf0040000
veer: dccm_size                      = 64
veer: dccm_size_64                   = 
veer: dccm_width_bits                = 2
veer: dccm_wr_readback               = 0
veer: lsu_sb_bits                    = 16
veer: icache_2banks                  = 1
veer: icache_addr_xor                = 0
veer: icache_bank_bits               = 1
veer: icache_bank_hi                 = 3
veer: icache_bank_lo                 = 3
veer: icache_bank_width              = 8
veer: icache_banks_way               = 2
veer: icache_beat_addr_hi            = 5
veer: icache_beat_bits               = 3
veer: icache_bypass_enable           = 1
veer: icache_data_cell               = ram_512x71
veer: icache_data_depth              = 512
veer: icache_data_index_lo           = 4
veer: icache_data_width              = 64
veer: icache_ecc                     = 1
veer: icache_enable                  = 0
veer: icache_fdata_width             = 71
veer: icache_index_hi                = 12
veer: icache_ln_sz                   = 64
veer: icache_num_beats               = 8
veer: icache_num_bypass              = 2
veer: icache_num_bypass_width        = 2
veer: icache_num_lines               = 256
veer: icache_num_lines_bank          = 64
veer: icache_num_lines_way           = 128
veer: icache_num_ways                = 2
veer: icache_scnd_last               = 6
veer: icache_size                    = 16
veer: icache_status_bits             = 1
veer: icache_tag_bypass_enable       = 1
veer: icache_tag_cell                = ram_128x25
veer: icache_tag_depth               = 128
veer: icache_tag_index_lo            = 6
veer: icache_tag_lo                  = 13
veer: icache_tag_num_bypass          = 2
veer: icache_tag_num_bypass_width    = 2
veer: icache_waypack                 = 1
veer: iccm_addr_xor                  = 0
veer: iccm_bank_bits                 = 2
veer: iccm_bank_hi                   = 3
veer: iccm_bank_index_lo             = 4
veer: iccm_bits                      = 16
veer: iccm_data_cell                 = ram_4096x39
veer: iccm_eadr                      = 0xee00ffff
veer: iccm_ecc_width                 = 7
veer: iccm_enable                    = 0
veer: iccm_index_bits                = 12
veer: iccm_num_banks                 = 4
veer: iccm_num_banks_4               = 
veer: iccm_offset                    = 0xe000000
veer: iccm_region                    = 0xe
veer: iccm_reserved                  = 0x1000
veer: iccm_rows                      = 4096
veer: iccm_sadr                      = 0xee000000
veer: iccm_size                      = 64
veer: iccm_size_64                   = 
veer: debug_sb_mem                   = 0xa0580000
veer: external_data                  = 0xc0580000
veer: external_data_1                = 0xb0000000
veer: serialio                       = 0xd0580000
veer: unused_region0                 = 0x90000000
veer: unused_region1                 = 0x70000000
veer: unused_region2                 = 0x60000000
veer: unused_region3                 = 0x50000000
veer: unused_region4                 = 0x40000000
veer: unused_region5                 = 0x30000000
veer: unused_region6                 = 0x20000000
veer: unused_region7                 = 0x10000000
veer: unused_region8                 = 0x00000000
veer: pic_2cycle                     = 0
veer: pic_base_addr                  = 0xf00c0000
veer: pic_bits                       = 15
veer: pic_int_words                  = 1
veer: pic_meie_count                 = 31
veer: pic_meie_mask                  = 0x1
veer: pic_meie_offset                = 0x2000
veer: pic_meigwclr_count             = 31
veer: pic_meigwclr_mask              = 0x0
veer: pic_meigwclr_offset            = 0x5000
veer: pic_meigwctrl_count            = 31
veer: pic_meigwctrl_mask             = 0x3
veer: pic_meigwctrl_offset           = 0x4000
veer: pic_meip_count                 = 1
veer: pic_meip_mask                  = 0x0
veer: pic_meip_offset                = 0x1000
veer: pic_meipl_count                = 31
veer: pic_meipl_mask                 = 0xf
veer: pic_meipl_offset               = 0x0000
veer: pic_meipt_count                = 31
veer: pic_meipt_mask                 = 0x0
veer: pic_meipt_offset               = 0x3004
veer: pic_mpiccfg_count              = 1
veer: pic_mpiccfg_mask               = 0x1
veer: pic_mpiccfg_offset             = 0x3000
veer: pic_offset                     = 0xc0000
veer: pic_region                     = 0xf
veer: pic_size                       = 32
veer: pic_total_int                  = 31
veer: pic_total_int_plus1            = 32
veer: data_access_addr0              = 0x00000000
veer: data_access_addr1              = 0x00000000
veer: data_access_addr2              = 0x00000000
veer: data_access_addr3              = 0x00000000
veer: data_access_addr4              = 0x00000000
veer: data_access_addr5              = 0x00000000
veer: data_access_addr6              = 0x00000000
veer: data_access_addr7              = 0x00000000
veer: data_access_enable0            = 0x0
veer: data_access_enable1            = 0x0
veer: data_access_enable2            = 0x0
veer: data_access_enable3            = 0x0
veer: data_access_enable4            = 0x0
veer: data_access_enable5            = 0x0
veer: data_access_enable6            = 0x0
veer: data_access_enable7            = 0x0
veer: data_access_mask0              = 0xffffffff
veer: data_access_mask1              = 0xffffffff
veer: data_access_mask2              = 0xffffffff
veer: data_access_mask3              = 0xffffffff
veer: data_access_mask4              = 0xffffffff
veer: data_access_mask5              = 0xffffffff
veer: data_access_mask6              = 0xffffffff
veer: data_access_mask7              = 0xffffffff
veer: inst_access_addr0              = 0x00000000
veer: inst_access_addr1              = 0x00000000
veer: inst_access_addr2              = 0x00000000
veer: inst_access_addr3              = 0x00000000
veer: inst_access_addr4              = 0x00000000
veer: inst_access_addr5              = 0x00000000
veer: inst_access_addr6              = 0x00000000
veer: inst_access_addr7              = 0x00000000
veer: inst_access_enable0            = 0x0
veer: inst_access_enable1            = 0x0
veer: inst_access_enable2            = 0x0
veer: inst_access_enable3            = 0x0
veer: inst_access_enable4            = 0x0
veer: inst_access_enable5            = 0x0
veer: inst_access_enable6            = 0x0
veer: inst_access_enable7            = 0x0
veer: inst_access_mask0              = 0xffffffff
veer: inst_access_mask1              = 0xffffffff
veer: inst_access_mask2              = 0xffffffff
veer: inst_access_mask3              = 0xffffffff
veer: inst_access_mask4              = 0xffffffff
veer: inst_access_mask5              = 0xffffffff
veer: inst_access_mask6              = 0xffffffff
veer: inst_access_mask7              = 0xffffffff
veer: pmp_entries                    = 16
veer: smepmp                         = 0
veer: ret_stack_size                 = 8
veer: Writing /workspace/scratch/1aa11c9270f0/veer-el2-ihp-fullchip/snapshots/baseline/el2_pdef.vh
veer: Writing /workspace/scratch/1aa11c9270f0/veer-el2-ihp-fullchip/snapshots/baseline/el2_param.vh
// bht_addr_hi = 00001001
// bht_addr_lo = 000010
// bht_array_depth = 000000100000000
// bht_ghr_hash_1 = 00000
// bht_ghr_size = 00001000
// bht_size = 0000001000000000
// bitmanip_zba = 00001
// bitmanip_zbb = 00001
// bitmanip_zbc = 00001
// bitmanip_zbe = 00000
// bitmanip_zbf = 00000
// bitmanip_zbp = 00000
// bitmanip_zbr = 00000
// bitmanip_zbs = 00001
// btb_addr_hi = 000001001
// btb_addr_lo = 000010
// btb_array_depth = 0000100000000
// btb_btag_fold = 00000
// btb_btag_size = 000000101
// btb_enable = 00001
// btb_fold2_index_hash = 00000
// btb_fullya = 00000
// btb_index1_hi = 000001001
// btb_index1_lo = 000000010
// btb_index2_hi = 000010001
// btb_index2_lo = 000001010
// btb_index3_hi = 000011001
// btb_index3_lo = 000010010
// btb_size = 00001000000000
// btb_toffset_size = 000001100
// build_ahb_lite = 00001
// build_axi4 = 0
// build_axi_native = 00001
// bus_prty_default = 000011
// data_access_addr0 = 000000000000000000000000000000000000
// data_access_addr1 = 000000000000000000000000000000000000
// data_access_addr2 = 000000000000000000000000000000000000
// data_access_addr3 = 000000000000000000000000000000000000
// data_access_addr4 = 000000000000000000000000000000000000
// data_access_addr5 = 000000000000000000000000000000000000
// data_access_addr6 = 000000000000000000000000000000000000
// data_access_addr7 = 000000000000000000000000000000000000
// data_access_enable0 = 00000
// data_access_enable1 = 00000
// data_access_enable2 = 00000
// data_access_enable3 = 00000
// data_access_enable4 = 00000
// data_access_enable5 = 00000
// data_access_enable6 = 00000
// data_access_enable7 = 00000
// data_access_mask0 = 000011111111111111111111111111111111
// data_access_mask1 = 000011111111111111111111111111111111
// data_access_mask2 = 000011111111111111111111111111111111
// data_access_mask3 = 000011111111111111111111111111111111
// data_access_mask4 = 000011111111111111111111111111111111
// data_access_mask5 = 000011111111111111111111111111111111
// data_access_mask6 = 000011111111111111111111111111111111
// data_access_mask7 = 000011111111111111111111111111111111
// dccm_bank_bits = 0000010
// dccm_bits = 000010000
// dccm_byte_width = 0000100
// dccm_data_width = 0000100000
// dccm_ecc_width = 0000111
// dccm_enable = 00000
// dccm_fdata_width = 0000100111
// dccm_index_bits = 00001100
// dccm_num_banks = 000000100
// dccm_region = 00001111
// dccm_sadr = 000011110000000001000000000000000000
// dccm_size = 00000001000000
// dccm_width_bits = 000010
// div_bit = 0000100
// div_new = 00001
// dma_buf_depth = 0000101
// dma_bus_id = 000000001
// dma_bus_prty = 000010
// dma_bus_tag = 00000001
// fast_interrupt_redirect = 00000
// icache_2banks = 00001
// icache_bank_bits = 0000001
// icache_bank_hi = 0000011
// icache_bank_lo = 000011
// icache_bank_width = 00001000
// icache_banks_way = 0000010
// icache_beat_addr_hi = 00000101
// icache_beat_bits = 00000011
// icache_bypass_enable = 00001
// icache_data_depth = 000000001000000000
// icache_data_index_lo = 0000100
// icache_data_width = 00001000000
// icache_ecc = 00001
// icache_enable = 00000
// icache_fdata_width = 00001000111
// icache_index_hi = 000001100
// icache_ln_sz = 00001000000
// icache_num_beats = 00001000
// icache_num_bypass = 00000010
// icache_num_bypass_width = 00000010
// icache_num_ways = 0000010
// icache_only = 00000
// icache_scnd_last = 00000110
// icache_size = 0000000010000
// icache_status_bits = 0000001
// icache_tag_bypass_enable = 00001
// icache_tag_depth = 00000000010000000
// icache_tag_index_lo = 0000110
// icache_tag_lo = 000001101
// icache_tag_num_bypass = 00000010
// icache_tag_num_bypass_width = 00000010
// icache_waypack = 00001
// iccm_bank_bits = 0000010
// iccm_bank_hi = 000000011
// iccm_bank_index_lo = 000000100
// iccm_bits = 000010000
// iccm_ecc_width = 0000111
// iccm_enable = 00000
// iccm_icache = 00000
// iccm_index_bits = 00001100
// iccm_num_banks = 000000100
// iccm_only = 00000
// iccm_region = 00001110
// iccm_sadr = 000011101110000000000000000000000000
// iccm_size = 00000001000000
// ifu_bus_id = 00001
// ifu_bus_prty = 000010
// ifu_bus_tag = 00000011
// inst_access_addr0 = 000000000000000000000000000000000000
// inst_access_addr1 = 000000000000000000000000000000000000
// inst_access_addr2 = 000000000000000000000000000000000000
// inst_access_addr3 = 000000000000000000000000000000000000
// inst_access_addr4 = 000000000000000000000000000000000000
// inst_access_addr5 = 000000000000000000000000000000000000
// inst_access_addr6 = 000000000000000000000000000000000000
// inst_access_addr7 = 000000000000000000000000000000000000
// inst_access_enable0 = 00000
// inst_access_enable1 = 00000
// inst_access_enable2 = 00000
// inst_access_enable3 = 00000
// inst_access_enable4 = 00000
// inst_access_enable5 = 00000
// inst_access_enable6 = 00000
// inst_access_enable7 = 00000
// inst_access_mask0 = 000011111111111111111111111111111111
// inst_access_mask1 = 000011111111111111111111111111111111
// inst_access_mask2 = 000011111111111111111111111111111111
// inst_access_mask3 = 000011111111111111111111111111111111
// inst_access_mask4 = 000011111111111111111111111111111111
// inst_access_mask5 = 000011111111111111111111111111111111
// inst_access_mask6 = 000011111111111111111111111111111111
// inst_access_mask7 = 000011111111111111111111111111111111
// load_to_use_plus1 = 00000
// lockstep_delay = 7
// lockstep_enable = 5
// lockstep_regfile_enable = 5
// lsu2dma = 00000
// lsu_bus_id = 00001
// lsu_bus_prty = 000010
// lsu_bus_tag = 00000011
// lsu_num_nbload = 000000100
// lsu_num_nbload_width = 0000010
// lsu_sb_bits = 000010000
// lsu_stbuf_depth = 00000100
// no_iccm_no_icache = 00001
// pic_2cycle = 00000
// pic_base_addr = 000011110000000011000000000000000000
// pic_bits = 000001111
// pic_int_words = 00000001
// pic_region = 00001111
// pic_size = 0000000100000
// pic_total_int = 000000011111
// pic_total_int_plus1 = 0000000100000
// pmp_entries = 00000010000
// ret_stack_size = 00001000
// sb_bus_id = 00001
// sb_bus_prty = 000010
// sb_bus_tag = 00000001
// smepmp = 0
// timer_legal_en = 00001
// user_mode = 0
veer: Writing /workspace/scratch/1aa11c9270f0/veer-el2-ihp-fullchip/snapshots/baseline/common_defines.vh
veer: Writing /workspace/scratch/1aa11c9270f0/veer-el2-ihp-fullchip/snapshots/baseline/defines.h
veer: Writing /workspace/scratch/1aa11c9270f0/veer-el2-ihp-fullchip/snapshots/baseline/pd_defines.vh
veer: Writing /workspace/scratch/1aa11c9270f0/veer-el2-ihp-fullchip/snapshots/baseline/whisper.json
veer: Writing /workspace/scratch/1aa11c9270f0/veer-el2-ihp-fullchip/snapshots/baseline/perl_configs.pl
veer: Writing /workspace/scratch/1aa11c9270f0/veer-el2-ihp-fullchip/snapshots/baseline/link.ld
